== report
change: Add one rule to grants: alex@example.com may reach tag:ovenlight-app-coach, tag:ovenlight-app-notes on ports 443 and 8443, as a tagged node is no longer one of your own devices.
note: grants rule 2 lets old@example.com reach app nodes on ports 443 and 8443, and Ovenlight leaves it as it is (the apps still let in only you and their guests). Remove it in the admin console if they no longer need that.
== diff
--- current policy
+++ proposed policy
@@ -14,5 +14,7 @@
 		{"src": ["tag:ovenlight-guest-coach"], "dst": ["tag:ovenlight-app-coach"], "ip": ["tcp:443"]},
 		// Ovenlight: guests invited to notes reach only its node, on port 443.
 		{"src": ["tag:ovenlight-guest-notes"], "dst": ["tag:ovenlight-app-notes"], "ip": ["tcp:443"]},
+		// Ovenlight: you reach your shared app nodes, and their admin port 8443 (ovenlight setup-sharing).
+		{"src": ["alex@example.com"], "dst": ["tag:ovenlight-app-coach", "tag:ovenlight-app-notes"], "ip": ["tcp:443", "tcp:8443"]},
 	],
 }
== proposed
{
	// Ovenlight: tags for shared app nodes and the guests invited to them (ovenlight setup-sharing).
	"tagOwners": {
		"tag:ovenlight-app-coach": ["autogroup:admin"],
		"tag:ovenlight-guest-coach": ["autogroup:admin"],
		"tag:ovenlight-app-notes": ["autogroup:admin"],
		"tag:ovenlight-guest-notes": ["autogroup:admin"],
	},
	"grants": [
		{"src": ["autogroup:member"], "dst": ["autogroup:member"], "ip": ["*"]},
		// Ovenlight: you reach your shared app nodes, and their admin port 8443 (ovenlight setup-sharing).
		{"src": ["old@example.com"], "dst": ["tag:ovenlight-app-coach", "tag:ovenlight-app-notes"], "ip": ["tcp:443", "tcp:8443"]},
		// Ovenlight: guests invited to coach reach only its node, on port 443.
		{"src": ["tag:ovenlight-guest-coach"], "dst": ["tag:ovenlight-app-coach"], "ip": ["tcp:443"]},
		// Ovenlight: guests invited to notes reach only its node, on port 443.
		{"src": ["tag:ovenlight-guest-notes"], "dst": ["tag:ovenlight-app-notes"], "ip": ["tcp:443"]},
		// Ovenlight: you reach your shared app nodes, and their admin port 8443 (ovenlight setup-sharing).
		{"src": ["alex@example.com"], "dst": ["tag:ovenlight-app-coach", "tag:ovenlight-app-notes"], "ip": ["tcp:443", "tcp:8443"]},
	],
}
